C51 COMPILER V9.60.7.0   PROG                                                              04/27/2023 15:27:39 PAGE 1   


C51 COMPILER V9.60.7.0, COMPILATION OF MODULE PROG
OBJECT MODULE PLACED IN .\Objects\prog.obj
COMPILER INVOKED BY: C:\Keil_v5\C51\BIN\C51.EXE prog.c OPTIMIZE(8,SPEED) BROWSE DEBUG OBJECTEXTEND PRINT(.\Listings\prog
                    -.lst) TABS(2) OBJECT(.\Objects\prog.obj)

line level    source

   1          #include <REG51.H>
   2          sbit led=P1^0;
   3          void delay()
   4          {
   5   1        TMOD=0x02;
   6   1        TH0=0xA3;
   7   1        TL0=0xA3;
   8   1        TR0=1;
   9   1        while(TF0==0);
  10   1        TF0=0;
  11   1        TR0=0;
  12   1      }
  13          void main()
  14          {
  15   1        while(1){
  16   2          led=~led;
  17   2          delay();
  18   2        }
  19   1      }


MODULE INFORMATION:   STATIC OVERLAYABLE
   CODE SIZE        =     26    ----
   CONSTANT SIZE    =   ----    ----
   XDATA SIZE       =   ----    ----
   PDATA SIZE       =   ----    ----
   DATA SIZE        =   ----    ----
   IDATA SIZE       =   ----    ----
   BIT SIZE         =   ----    ----
END OF MODULE INFORMATION.


C51 COMPILATION COMPLETE.  0 WARNING(S),  0 ERROR(S)
